Microchip MPLAB XC8 Compiler V2.31

Linker command line:

-W-3 --edf=C:\Program Files\Microchip\xc8\v2.31\pic\dat\en_msgs.txt -cn \
  -h+dist/default/production\bluetooth.X.production.sym \
  --cmf=dist/default/production\bluetooth.X.production.cmf -z -Q18F46K22 \
  -oC:\Users\soaar\AppData\Local\Temp\sfps.2 --defsym=__MPLAB_BUILD=1 \
  -Mdist/default/production/bluetooth.X.production.map -E1 \
  -ver=XC8 Compiler --acfsm=1493 -ASTACK=060h-0F37h -pstack=STACK \
  -ACODE=00h-0FFFFh -ACONST=00h-0FFFFh -ASMALLCONST=01000h-010FFhx240 \
  -AMEDIUMCONST=01000h-0FFFFh -ACOMRAM=01h-05Fh -AABS1=00h-0F37h \
  -ABIGRAM=01h-0F37h -ARAM=060h-0FFh,0100h-01FFhx14,0F00h-0F37h \
  -ABANK0=060h-0FFh -ABANK1=0100h-01FFh -ABANK2=0200h-02FFh \
  -ABANK3=0300h-03FFh -ABANK4=0400h-04FFh -ABANK5=0500h-05FFh \
  -ABANK6=0600h-06FFh -ABANK7=0700h-07FFh -ABANK8=0800h-08FFh \
  -ABANK9=0900h-09FFh -ABANK10=0A00h-0AFFh -ABANK11=0B00h-0BFFh \
  -ABANK12=0C00h-0CFFh -ABANK13=0D00h-0DFFh -ABANK14=0E00h-0EFFh \
  -ABANK15=0F00h-0F37h -ASFR=0F38h-0F5Fh,0F60h-0FFFh \
  -ACONFIG=0300000h-030000Dh -AIDLOC=0200000h-0200007h \
  -AEEDATA=0F00000h-0F003FFh -peeprom_data=EEDATA \
  -preset_vec=00h,intcode=08h,intcodelo,powerup,init -pramtop=01000h \
  -psmallconst=SMALLCONST -pmediumconst=MEDIUMCONST -pconst=CONST \
  -AFARRAM=00h-00h \
  -prdata=COMRAM,nvrram=COMRAM,nvbit=COMRAM,rbss=COMRAM,rbit=COMRAM \
  -pfarbss=FARRAM,fardata=FARRAM,nvFARRAM=FARRAM \
  -pintsave_regs=BIGRAM,bigbss=BIGRAM,bigdata=BIGRAM -pbss=RAM \
  -pidata=CODE,irdata=CODE,ibigdata=CODE,ifardata=CODE -prparam=COMRAM \
  C:\Users\soaar\AppData\Local\Temp\sfps.o \
  dist/default/production\bluetooth.X.production.o 

Object code version is 3.11

Machine type is 18F46K22



                Name                               Link     Load   Length Selector   Space Scale
C:\Users\soaar\AppData\Local\Temp\sfps.o
                idloc                            200000   200000        8        0       5
                config                           300000   300000        E        0       4
                init                                 D6       D6        4        4       0
                reset_vec                             0        0        4        0       0
dist/default/production\bluetooth.X.production.o
                intcode                               8        8       CE        4       0
                idloc                            200000   200000        8        0       5
                config                           300000   300000        E        0       4
                temp                                 22       22        1        1       1
                smallconst                         1000     1000       74      800       0
                text14                             1512     1512       2A      83A       0
                text13                             1552     1552       16      83A       0
                text12                             14D8     14D8       3A      83A       0
                text11                             13CA     13CA       50      83A       0
                text10                             1378     1378       52      83A       0
                text9                              149E     149E       3A      83A       0
                text8                              12AC     12AC       CC      83A       0
                text6                              157C     157C        A      83A       0
                text5                              1572     1572        A      83A       0
                text4                              1568     1568        A      83A       0
                text3                              1460     1460       3E      83A       0
                text2                              1074     1074      16C      83A       0
                text1                              11E0     11E0       CC      83A       0
                text0                              141A     141A       46      83A       0
                cstackCOMRAM                          1        1       14        1       1
                bssCOMRAM                            15       15        7        1       1
                cinit                              153C     153C       16      83A       0
                nvCOMRAM                             1C       1C        6        1       1

TOTAL           Name                               Link     Load   Length     Space
        CLASS   STACK          

        CLASS   CODE           
                intcode                               8        8       CE         0
                init                                 D6       D6        4         0
                reset_vec                             0        0        4         0
                text14                             1512     1512       2A         0
                text13                             1552     1552       16         0
                text12                             14D8     14D8       3A         0
                text11                             13CA     13CA       50         0
                text10                             1378     1378       52         0
                text9                              149E     149E       3A         0
                text8                              12AC     12AC       CC         0
                text6                              157C     157C        A         0
                text5                              1572     1572        A         0
                text4                              1568     1568        A         0
                text3                              1460     1460       3E         0
                text2                              1074     1074      16C         0
                text1                              11E0     11E0       CC         0
                text0                              141A     141A       46         0
                cinit                              153C     153C       16         0

        CLASS   CONST          

        CLASS   SMALLCONST     
                smallconst                         1000     1000       74         0

        CLASS   MEDIUMCONST    

        CLASS   COMRAM         
                temp                                 22       22        1         1
                cstackCOMRAM                          1        1       14         1
                bssCOMRAM                            15       15        7         1
                nvCOMRAM                             1C       1C        6         1

        CLASS   ABS1           

        CLASS   BIGRAM         

        CLASS   RAM            

        CLASS   BANK0          

        CLASS   BANK1          

        CLASS   BANK2          

        CLASS   BANK3          

        CLASS   BANK4          

        CLASS   BANK5          

        CLASS   BANK6          

        CLASS   BANK7          

        CLASS   BANK8          

        CLASS   BANK9          

        CLASS   BANK10         

        CLASS   BANK11         

        CLASS   BANK12         

        CLASS   BANK13         

        CLASS   BANK14         

        CLASS   BANK15         

        CLASS   SFR            

        CLASS   CONFIG         
                config                           300000   300000        E         4

        CLASS   IDLOC          
                idloc                            200000   200000        8         5

        CLASS   EEDATA         

        CLASS   FARRAM         



SEGMENTS        Name                           Load    Length   Top    Selector   Space  Class

                reset_vec                      000000  000004  000004         0       0  CODE    
                cstackCOMRAM                   000001  000022  000023         1       1  COMRAM  
                intcode                        000008  0000D2  0000DA         4       0  CODE    
                smallconst                     001000  000074  001074       800       0  SMALLCON
                text2                          001074  000512  001586       83A       0  CODE    


UNUSED ADDRESS RANGES

        Name                Unused          Largest block    Delta
        BANK0            000060-0000FF               A0
        BANK1            000100-0001FF              100
        BANK10           000A00-000AFF              100
        BANK11           000B00-000BFF              100
        BANK12           000C00-000CFF              100
        BANK13           000D00-000DFF              100
        BANK14           000E00-000EFF              100
        BANK15           000F00-000F37               38
        BANK2            000200-0002FF              100
        BANK3            000300-0003FF              100
        BANK4            000400-0004FF              100
        BANK5            000500-0005FF              100
        BANK6            000600-0006FF              100
        BANK7            000700-0007FF              100
        BANK8            000800-0008FF              100
        BANK9            000900-0009FF              100
        BIGRAM           000023-000F37              F15
        CODE             000004-000007                4
                         0000DA-000FFF              F26
                         001586-00FFFF             EA7A
        COMRAM           000023-00005F               3D
        CONST            000004-000007                4
                         0000DA-000FFF              F26
                         001586-00FFFF             EA7A
        EEDATA           F00000-F003FF              400
        MEDIUMCONST      001586-00FFFF             EA7A
        RAM              000060-000F37              100
        SFR              000F38-000FFF               28
        SMALLCONST       001586-00FFFF              100
        STACK            000060-000F37              ED8

                                  Symbol Table

EUSART1_SetErrorHandler@interruptHandler        cstackCOMRAM 00000E
EUSART1_SetFramingErrorHandler@interruptHandler cstackCOMRAM 00000E
EUSART1_SetOverrunErrorHandler@interruptHandler cstackCOMRAM 00000E
EUSART1_Write@txData                            cstackCOMRAM 000001
EUSART1_Write_Text@s                            cstackCOMRAM 000002
LCD_clear@i                                     cstackCOMRAM 000001
LCD_initialize@i                                cstackCOMRAM 00000E
LCD_pos@coluna                                  cstackCOMRAM 00000E
LCD_pos@cte                                     cstackCOMRAM 000011
LCD_pos@i                                       cstackCOMRAM 000013
LCD_pos@linha                                   cstackCOMRAM 000012
LCD_pos@pos                                     cstackCOMRAM 000010
LCD_printchar@character                         cstackCOMRAM 000001
LCD_printchar@i                                 cstackCOMRAM 000002
LCD_printstring@s                               cstackCOMRAM 000004
_ANSELA                                         (abs)        000F38
_ANSELB                                         (abs)        000F39
_ANSELC                                         (abs)        000F3A
_ANSELD                                         (abs)        000F3B
_BAUDCON1                                       (abs)        000FB8
_EUSART1_DefaultErrorHandler                    (abs)        000000
_EUSART1_DefaultFramingErrorHandler             (abs)        000000
_EUSART1_DefaultOverrunErrorHandler             (abs)        000000
_EUSART1_ErrorHandler                           nvCOMRAM     00001C
_EUSART1_FramingErrorHandler                    nvCOMRAM     000020
_EUSART1_Initialize                             text3        001460
_EUSART1_OverrunErrorHandler                    nvCOMRAM     00001E
_EUSART1_Read                                   text14       001512
_EUSART1_SetErrorHandler                        text6        00157C
_EUSART1_SetFramingErrorHandler                 text5        001572
_EUSART1_SetOverrunErrorHandler                 text4        001568
_EUSART1_Write                                  text13       001552
_EUSART1_Write_Text                             text12       0014D8
_INTCONbits                                     (abs)        000FF2
_LCD_clear                                      text11       0013CA
_LCD_initialize                                 text2        001074
_LCD_pos                                        text1        0011E0
_LCD_printchar                                  text10       001378
_LCD_printstring                                text9        00149E
_OSCCON                                         (abs)        000FD3
_OSCCON2                                        (abs)        000FD2
_OSCTUNE                                        (abs)        000F9B
_PIE1bits                                       (abs)        000F9D
_PIR1bits                                       (abs)        000F9E
_PORTCbits                                      (abs)        000F82
_PORTD                                          (abs)        000F83
_RCONbits                                       (abs)        000FD0
_RCREG1                                         (abs)        000FAE
_RCSTA1                                         (abs)        000FAB
_RCSTA1bits                                     (abs)        000FAB
_SPBRG1                                         (abs)        000FAF
_SPBRGH1                                        (abs)        000FB0
_TRISCbits                                      (abs)        000F94
_TRISD                                          (abs)        000F95
_TXREG1                                         (abs)        000FAD
_TXSTA1                                         (abs)        000FAC
_TXSTA1bits                                     (abs)        000FAC
__HRAM                                          (abs)        000000
__Habs1                                         abs1         000000
__Hbank0                                        bank0        000000
__Hbank1                                        bank1        000000
__Hbank10                                       bank10       000000
__Hbank11                                       bank11       000000
__Hbank12                                       bank12       000000
__Hbank13                                       bank13       000000
__Hbank14                                       bank14       000000
__Hbank15                                       bank15       000000
__Hbank2                                        bank2        000000
__Hbank3                                        bank3        000000
__Hbank4                                        bank4        000000
__Hbank5                                        bank5        000000
__Hbank6                                        bank6        000000
__Hbank7                                        bank7        000000
__Hbank8                                        bank8        000000
__Hbank9                                        bank9        000000
__Hbigbss                                       bigbss       000000
__Hbigdata                                      bigdata      000000
__Hbigram                                       bigram       000000
__Hbss                                          bss          000000
__HbssCOMRAM                                    bssCOMRAM    000000
__Hcinit                                        cinit        000000
__Hclrtext                                      clrtext      000000
__Hcomram                                       comram       000000
__Hconfig                                       config       30000E
__Hconst                                        const        000000
__HcstackCOMRAM                                 cstackCOMRAM 000000
__Hdata                                         data         000000
__Heeprom_data                                  eeprom_data  000000
__Hfarbss                                       farbss       000000
__Hfardata                                      fardata      000000
__Hibigdata                                     ibigdata     000000
__Hidata                                        idata        000000
__Hidloc                                        idloc        200008
__Hifardata                                     ifardata     000000
__Hinit                                         init         0000DA
__Hintcode                                      intcode      0000D6
__Hintcode_body                                 intcode_body 000000
__Hintcodelo                                    intcodelo    0000D6
__Hintentry                                     intentry     000000
__Hintret                                       intret       000000
__Hintsave_regs                                 intsave_regs 000000
__Hirdata                                       irdata       000000
__Hmediumconst                                  mediumconst  000000
__HnvCOMRAM                                     nvCOMRAM     000000
__HnvFARRAM                                     nvFARRAM     000000
__Hnvbit                                        nvbit        000000
__Hnvrram                                       nvrram       000000
__Hparam                                        rparam       000000
__Hpowerup                                      powerup      0000D6
__Hram                                          ram          000000
__Hramtop                                       ramtop       001000
__Hrbit                                         rbit         000000
__Hrbss                                         rbss         000000
__Hrdata                                        rdata        000000
__Hreset_vec                                    reset_vec    000004
__Hrparam                                       rparam       000000
__Hsfr                                          sfr          000000
__Hsmallconst                                   smallconst   001074
__Hspace_0                                      (abs)        001586
__Hspace_1                                      (abs)        000023
__Hspace_2                                      (abs)        000000
__Hspace_4                                      (abs)        60000E
__Hstack                                        stack        000000
__Hstruct                                       struct       000000
__Htemp                                         temp         000023
__Htext                                         text         000000
__Htext0                                        text0        000000
__Htext1                                        text1        000000
__Htext10                                       text10       000000
__Htext11                                       text11       000000
__Htext12                                       text12       000000
__Htext13                                       text13       000000
__Htext14                                       text14       000000
__Htext2                                        text2        000000
__Htext3                                        text3        000000
__Htext4                                        text4        000000
__Htext5                                        text5        000000
__Htext6                                        text6        000000
__Htext8                                        text8        000000
__Htext9                                        text9        000000
__LRAM                                          (abs)        000001
__Labs1                                         abs1         000000
__Lbank0                                        bank0        000000
__Lbank1                                        bank1        000000
__Lbank10                                       bank10       000000
__Lbank11                                       bank11       000000
__Lbank12                                       bank12       000000
__Lbank13                                       bank13       000000
__Lbank14                                       bank14       000000
__Lbank15                                       bank15       000000
__Lbank2                                        bank2        000000
__Lbank3                                        bank3        000000
__Lbank4                                        bank4        000000
__Lbank5                                        bank5        000000
__Lbank6                                        bank6        000000
__Lbank7                                        bank7        000000
__Lbank8                                        bank8        000000
__Lbank9                                        bank9        000000
__Lbigbss                                       bigbss       000000
__Lbigdata                                      bigdata      000000
__Lbigram                                       bigram       000000
__Lbss                                          bss          000000
__LbssCOMRAM                                    bssCOMRAM    000000
__Lcinit                                        cinit        000000
__Lclrtext                                      clrtext      000000
__Lcomram                                       comram       000000
__Lconfig                                       config       000000
__Lconst                                        const        000000
__LcstackCOMRAM                                 cstackCOMRAM 000000
__Ldata                                         data         000000
__Leeprom_data                                  eeprom_data  000000
__Lfarbss                                       farbss       000000
__Lfardata                                      fardata      000000
__Libigdata                                     ibigdata     000000
__Lidata                                        idata        000000
__Lidloc                                        idloc        000000
__Lifardata                                     ifardata     000000
__Linit                                         init         0000D6
__Lintcode                                      intcode      000008
__Lintcode_body                                 intcode_body 000000
__Lintcodelo                                    intcodelo    0000D6
__Lintentry                                     intentry     000000
__Lintret                                       intret       000000
__Lintsave_regs                                 intsave_regs 000000
__Lirdata                                       irdata       000000
__Lmediumconst                                  mediumconst  000000
__LnvCOMRAM                                     nvCOMRAM     000000
__LnvFARRAM                                     nvFARRAM     000000
__Lnvbit                                        nvbit        000000
__Lnvrram                                       nvrram       000000
__Lparam                                        rparam       000000
__Lpowerup                                      powerup      0000D6
__Lram                                          ram          000000
__Lramtop                                       ramtop       001000
__Lrbit                                         rbit         000000
__Lrbss                                         rbss         000000
__Lrdata                                        rdata        000000
__Lreset_vec                                    reset_vec    000000
__Lrparam                                       rparam       000000
__Lsfr                                          sfr          000000
__Lsmallconst                                   smallconst   001000
__Lspace_0                                      (abs)        000000
__Lspace_1                                      (abs)        000000
__Lspace_2                                      (abs)        000000
__Lspace_4                                      (abs)        000000
__Lstack                                        stack        000000
__Lstruct                                       struct       000000
__Ltemp                                         temp         000022
__Ltext                                         text         000000
__Ltext0                                        text0        000000
__Ltext1                                        text1        000000
__Ltext10                                       text10       000000
__Ltext11                                       text11       000000
__Ltext12                                       text12       000000
__Ltext13                                       text13       000000
__Ltext14                                       text14       000000
__Ltext2                                        text2        000000
__Ltext3                                        text3        000000
__Ltext4                                        text4        000000
__Ltext5                                        text5        000000
__Ltext6                                        text6        000000
__Ltext8                                        text8        000000
__Ltext9                                        text9        000000
__S0                                            (abs)        001586
__S1                                            (abs)        000023
__S2                                            (abs)        000000
__S4                                            (abs)        000000
__S5                                            (abs)        000000
___inthi_sp                                     stack        000000
___intlo_sp                                     stack        000000
___param_bank                                   (abs)        000000
___rparam_used                                  (abs)        000001
___sp                                           stack        000000
__accesstop                                     (abs)        000060
__activetblptr                                  (abs)        000003
__end_of_EUSART1_Initialize                     text3        00149E
__end_of_EUSART1_Read                           text14       00153C
__end_of_EUSART1_SetErrorHandler                text6        001586
__end_of_EUSART1_SetFramingErrorHandler         text5        00157C
__end_of_EUSART1_SetOverrunErrorHandler         text4        001572
__end_of_EUSART1_Write                          text13       001568
__end_of_EUSART1_Write_Text                     text12       001512
__end_of_LCD_clear                              text11       00141A
__end_of_LCD_initialize                         text2        0011E0
__end_of_LCD_pos                                text1        0012AC
__end_of_LCD_printchar                          text10       0013CA
__end_of_LCD_printstring                        text9        0014D8
__end_of__initialization                        cinit        001548
__end_of_interrupcao                            intcode      0000D6
__end_of_main                                   text0        001460
__end_ofi2_LCD_pos                              text8        001378
__initialization                                cinit        00153C
__mediumconst                                   mediumconst  000000
__pbssCOMRAM                                    bssCOMRAM    000015
__pcinit                                        cinit        00153C
__pcstackCOMRAM                                 cstackCOMRAM 000001
__pintcode                                      intcode      000008
__pnvCOMRAM                                     nvCOMRAM     00001C
__psmallconst                                   smallconst   001000
__ptext0                                        text0        00141A
__ptext1                                        text1        0011E0
__ptext10                                       text10       001378
__ptext11                                       text11       0013CA
__ptext12                                       text12       0014D8
__ptext13                                       text13       001552
__ptext14                                       text14       001512
__ptext2                                        text2        001074
__ptext3                                        text3        001460
__ptext4                                        text4        001568
__ptext5                                        text5        001572
__ptext6                                        text6        00157C
__ptext8                                        text8        0012AC
__ptext9                                        text9        00149E
__ramtop                                        ramtop       001000
__size_of_EUSART1_Initialize                    (abs)        000000
__size_of_EUSART1_Read                          (abs)        000000
__size_of_EUSART1_SetErrorHandler               (abs)        000000
__size_of_EUSART1_SetFramingErrorHandler        (abs)        000000
__size_of_EUSART1_SetOverrunErrorHandler        (abs)        000000
__size_of_EUSART1_Write                         (abs)        000000
__size_of_EUSART1_Write_Text                    (abs)        000000
__size_of_LCD_clear                             (abs)        000000
__size_of_LCD_initialize                        (abs)        000000
__size_of_LCD_pos                               (abs)        000000
__size_of_LCD_printchar                         (abs)        000000
__size_of_LCD_printstring                       (abs)        000000
__size_of_interrupcao                           (abs)        000000
__size_of_main                                  (abs)        000000
__size_ofi2_LCD_pos                             (abs)        000000
__smallconst                                    smallconst   001000
_eusart1RxLastError                             bssCOMRAM    00001A
_interrupcao                                    intcode      000008
_k                                              bssCOMRAM    00001B
_main                                           text0        00141A
_rcvdata                                        bssCOMRAM    000015
btemp                                           temp         000022
end_of_initialization                           cinit        001548
i2LCD_pos@coluna                                cstackCOMRAM 000001
i2LCD_pos@cte                                   cstackCOMRAM 000004
i2LCD_pos@i                                     cstackCOMRAM 000006
i2LCD_pos@linha                                 cstackCOMRAM 000005
i2LCD_pos@pos                                   cstackCOMRAM 000003
i2_LCD_pos                                      text8        0012AC
int$flags                                       temp         000022
interrupcao@data                                cstackCOMRAM 00000D
intlevel0                                       text         000000
intlevel1                                       text         000000
intlevel2                                       text         000000
intlevel3                                       text         000000
stackhi                                         (abs)        000F37
stacklo                                         (abs)        000060
start                                           init         0000D6
start_initialization                            cinit        00153C
ttemp5                                          temp         000023
ttemp6                                          temp         000026
ttemp7                                          temp         00002A
wtemp8                                          temp         000023


FUNCTION INFORMATION:

 *************** function _main *****************
 Defined at:
		line 42 in file "main.c"
 Parameters:    Size  Location     Type
		None
 Auto vars:     Size  Location     Type
  i               1    0        unsigned char 
 Return value:  Size  Location     Type
                  1    wreg      void 
 Registers used:
		wreg, status,2, status,0, cstack
 Tracked objects:
		On entry : 
		On exit  : 
		Unchanged: 
 Data sizes:     COMRAM   BANK0   BANK1   BANK2   BANK3   BANK4   BANK5   BANK6   BANK7   BANK8   BANK9  BANK10  BANK11  BANK12  BANK13  BANK14  BANK15
      Params:         0       0       0       0       0       0       0       0       0       0       0       0       0       0       0       0       0
      Locals:         1       0       0       0       0       0       0       0       0       0       0       0       0       0       0       0       0
      Temps:          0       0       0       0       0       0       0       0       0       0       0       0       0       0       0       0       0
      Totals:         1       0       0       0       0       0       0       0       0       0       0       0       0       0       0       0       0
Total ram usage:        1 bytes
 Hardware stack levels required when called:    5
 This function calls:
		_EUSART1_Initialize
		_LCD_initialize
		_LCD_pos
 This function is called by:
		Startup code after reset
 This function uses a non-reentrant model


 *************** function _LCD_pos *****************
 Defined at:
		line 84 in file "gm_lcd.c"
 Parameters:    Size  Location     Type
  linha           1    wreg     unsigned char 
  coluna          1   13[COMRAM] unsigned char 
 Auto vars:     Size  Location     Type
  linha           1   17[COMRAM] unsigned char 
  i               2   18[COMRAM] unsigned int 
  cte             1   16[COMRAM] unsigned char 
  pos             1   15[COMRAM] unsigned char 
 Return value:  Size  Location     Type
                  1    wreg      void 
 Registers used:
		wreg, status,2, status,0
 Tracked objects:
		On entry : 
		On exit  : 
		Unchanged: 
 Data sizes:     COMRAM   BANK0   BANK1   BANK2   BANK3   BANK4   BANK5   BANK6   BANK7   BANK8   BANK9  BANK10  BANK11  BANK12  BANK13  BANK14  BANK15
      Params:         1       0       0       0       0       0       0       0       0       0       0       0       0       0       0       0       0
      Locals:         5       0       0       0       0       0       0       0       0       0       0       0       0       0       0       0       0
      Temps:          1       0       0       0       0       0       0       0       0       0       0       0       0       0       0       0       0
      Totals:         7       0       0       0       0       0       0       0       0       0       0       0       0       0       0       0       0
Total ram usage:        7 bytes
 Hardware stack levels used:    1
 Hardware stack levels required when called:    3
 This function calls:
		Nothing
 This function is called by:
		_main
 This function uses a non-reentrant model


 *************** function _LCD_initialize *****************
 Defined at:
		line 26 in file "gm_lcd.c"
 Parameters:    Size  Location     Type
		None
 Auto vars:     Size  Location     Type
  i               2   13[COMRAM] unsigned int 
 Return value:  Size  Location     Type
                  1    wreg      void 
 Registers used:
		wreg, status,2, status,0
 Tracked objects:
		On entry : 
		On exit  : 
		Unchanged: 
 Data sizes:     COMRAM   BANK0   BANK1   BANK2   BANK3   BANK4   BANK5   BANK6   BANK7   BANK8   BANK9  BANK10  BANK11  BANK12  BANK13  BANK14  BANK15
      Params:         0       0       0       0       0       0       0       0       0       0       0       0       0       0       0       0       0
      Locals:         2       0       0       0       0       0       0       0       0       0       0       0       0       0       0       0       0
      Temps:          0       0       0       0       0       0       0       0       0       0       0       0       0       0       0       0       0
      Totals:         2       0       0       0       0       0       0       0       0       0       0       0       0       0       0       0       0
Total ram usage:        2 bytes
 Hardware stack levels used:    1
 Hardware stack levels required when called:    3
 This function calls:
		Nothing
 This function is called by:
		_main
 This function uses a non-reentrant model


 *************** function _EUSART1_Initialize *****************
 Defined at:
		line 17 in file "eusart1.c"
 Parameters:    Size  Location     Type
		None
 Auto vars:     Size  Location     Type
		None
 Return value:  Size  Location     Type
                  1    wreg      void 
 Registers used:
		wreg, status,2, status,0, cstack
 Tracked objects:
		On entry : 
		On exit  : 
		Unchanged: 
 Data sizes:     COMRAM   BANK0   BANK1   BANK2   BANK3   BANK4   BANK5   BANK6   BANK7   BANK8   BANK9  BANK10  BANK11  BANK12  BANK13  BANK14  BANK15
      Params:         0       0       0       0       0       0       0       0       0       0       0       0       0       0       0       0       0
      Locals:         0       0       0       0       0       0       0       0       0       0       0       0       0       0       0       0       0
      Temps:          0       0       0       0       0       0       0       0       0       0       0       0       0       0       0       0       0
      Totals:         0       0       0       0       0       0       0       0       0       0       0       0       0       0       0       0       0
Total ram usage:        0 bytes
 Hardware stack levels used:    1
 Hardware stack levels required when called:    4
 This function calls:
		_EUSART1_SetErrorHandler
		_EUSART1_SetFramingErrorHandler
		_EUSART1_SetOverrunErrorHandler
 This function is called by:
		_main
 This function uses a non-reentrant model


 *************** function _EUSART1_SetOverrunErrorHandler *****************
 Defined at:
		line 116 in file "eusart1.c"
 Parameters:    Size  Location     Type
  interruptHan    2   13[COMRAM] PTR FTN()void 
		 -> EUSART1_DefaultOverrunErrorHandler(1), 
 Auto vars:     Size  Location     Type
		None
 Return value:  Size  Location     Type
                  1    wreg      void 
 Registers used:
		wreg, status,2, status,0
 Tracked objects:
		On entry : 
		On exit  : 
		Unchanged: 
 Data sizes:     COMRAM   BANK0   BANK1   BANK2   BANK3   BANK4   BANK5   BANK6   BANK7   BANK8   BANK9  BANK10  BANK11  BANK12  BANK13  BANK14  BANK15
      Params:         2       0       0       0       0       0       0       0       0       0       0       0       0       0       0       0       0
      Locals:         0       0       0       0       0       0       0       0       0       0       0       0       0       0       0       0       0
      Temps:          0       0       0       0       0       0       0       0       0       0       0       0       0       0       0       0       0
      Totals:         2       0       0       0       0       0       0       0       0       0       0       0       0       0       0       0       0
Total ram usage:        2 bytes
 Hardware stack levels used:    1
 Hardware stack levels required when called:    3
 This function calls:
		Nothing
 This function is called by:
		_EUSART1_Initialize
 This function uses a non-reentrant model


 *************** function _EUSART1_SetFramingErrorHandler *****************
 Defined at:
		line 112 in file "eusart1.c"
 Parameters:    Size  Location     Type
  interruptHan    2   13[COMRAM] PTR FTN()void 
		 -> EUSART1_DefaultFramingErrorHandler(1), 
 Auto vars:     Size  Location     Type
		None
 Return value:  Size  Location     Type
                  1    wreg      void 
 Registers used:
		wreg, status,2, status,0
 Tracked objects:
		On entry : 
		On exit  : 
		Unchanged: 
 Data sizes:     COMRAM   BANK0   BANK1   BANK2   BANK3   BANK4   BANK5   BANK6   BANK7   BANK8   BANK9  BANK10  BANK11  BANK12  BANK13  BANK14  BANK15
      Params:         2       0       0       0       0       0       0       0       0       0       0       0       0       0       0       0       0
      Locals:         0       0       0       0       0       0       0       0       0       0       0       0       0       0       0       0       0
      Temps:          0       0       0       0       0       0       0       0       0       0       0       0       0       0       0       0       0
      Totals:         2       0       0       0       0       0       0       0       0       0       0       0       0       0       0       0       0
Total ram usage:        2 bytes
 Hardware stack levels used:    1
 Hardware stack levels required when called:    3
 This function calls:
		Nothing
 This function is called by:
		_EUSART1_Initialize
 This function uses a non-reentrant model


 *************** function _EUSART1_SetErrorHandler *****************
 Defined at:
		line 120 in file "eusart1.c"
 Parameters:    Size  Location     Type
  interruptHan    2   13[COMRAM] PTR FTN()void 
		 -> EUSART1_DefaultErrorHandler(1), 
 Auto vars:     Size  Location     Type
		None
 Return value:  Size  Location     Type
                  1    wreg      void 
 Registers used:
		wreg, status,2, status,0
 Tracked objects:
		On entry : 
		On exit  : 
		Unchanged: 
 Data sizes:     COMRAM   BANK0   BANK1   BANK2   BANK3   BANK4   BANK5   BANK6   BANK7   BANK8   BANK9  BANK10  BANK11  BANK12  BANK13  BANK14  BANK15
      Params:         2       0       0       0       0       0       0       0       0       0       0       0       0       0       0       0       0
      Locals:         0       0       0       0       0       0       0       0       0       0       0       0       0       0       0       0       0
      Temps:          0       0       0       0       0       0       0       0       0       0       0       0       0       0       0       0       0
      Totals:         2       0       0       0       0       0       0       0       0       0       0       0       0       0       0       0       0
Total ram usage:        2 bytes
 Hardware stack levels used:    1
 Hardware stack levels required when called:    3
 This function calls:
		Nothing
 This function is called by:
		_EUSART1_Initialize
 This function uses a non-reentrant model


 *************** function _interrupcao *****************
 Defined at:
		line 14 in file "main.c"
 Parameters:    Size  Location     Type
		None
 Auto vars:     Size  Location     Type
  data            1   12[COMRAM] unsigned char 
 Return value:  Size  Location     Type
                  1    wreg      void 
 Registers used:
		wreg, status,2, status,0, tblptrl, tblptrh, tblptru, cstack
 Tracked objects:
		On entry : 
		On exit  : 
		Unchanged: 
 Data sizes:     COMRAM   BANK0   BANK1   BANK2   BANK3   BANK4   BANK5   BANK6   BANK7   BANK8   BANK9  BANK10  BANK11  BANK12  BANK13  BANK14  BANK15
      Params:         0       0       0       0       0       0       0       0       0       0       0       0       0       0       0       0       0
      Locals:         1       0       0       0       0       0       0       0       0       0       0       0       0       0       0       0       0
      Temps:          5       0       0       0       0       0       0       0       0       0       0       0       0       0       0       0       0
      Totals:         6       0       0       0       0       0       0       0       0       0       0       0       0       0       0       0       0
Total ram usage:        6 bytes
 Hardware stack levels used:    1
 Hardware stack levels required when called:    2
 This function calls:
		_EUSART1_Read
		_EUSART1_Write_Text
		_LCD_clear
		_LCD_printchar
		_LCD_printstring
		i2_LCD_pos
 This function is called by:
		Interrupt level 2
 This function uses a non-reentrant model


 *************** function i2_LCD_pos *****************
 Defined at:
		line 84 in file "gm_lcd.c"
 Parameters:    Size  Location     Type
  linha           1    wreg     unsigned char 
  coluna          1    0[COMRAM] unsigned char 
 Auto vars:     Size  Location     Type
  linha           1    4[COMRAM] unsigned char 
  i               2    5[COMRAM] unsigned int 
  cte             1    3[COMRAM] unsigned char 
  pos             1    2[COMRAM] unsigned char 
 Return value:  Size  Location     Type
                  1    wreg      void 
 Registers used:
		wreg, status,2, status,0
 Tracked objects:
		On entry : 
		On exit  : 
		Unchanged: 
 Data sizes:     COMRAM   BANK0   BANK1   BANK2   BANK3   BANK4   BANK5   BANK6   BANK7   BANK8   BANK9  BANK10  BANK11  BANK12  BANK13  BANK14  BANK15
      Params:         1       0       0       0       0       0       0       0       0       0       0       0       0       0       0       0       0
      Locals:         5       0       0       0       0       0       0       0       0       0       0       0       0       0       0       0       0
      Temps:          1       0       0       0       0       0       0       0       0       0       0       0       0       0       0       0       0
      Totals:         7       0       0       0       0       0       0       0       0       0       0       0       0       0       0       0       0
Total ram usage:        7 bytes
 Hardware stack levels used:    1
 This function calls:
		Nothing
 This function is called by:
		_interrupcao
 This function uses a non-reentrant model


 *************** function _LCD_printstring *****************
 Defined at:
		line 124 in file "gm_lcd.c"
 Parameters:    Size  Location     Type
  s               2    3[COMRAM] PTR const unsigned char 
		 -> STR_3(12), STR_1(9), 
 Auto vars:     Size  Location     Type
		None
 Return value:  Size  Location     Type
                  1    wreg      void 
 Registers used:
		wreg, status,2, status,0, tblptrl, tblptrh, tblptru, cstack
 Tracked objects:
		On entry : 
		On exit  : 
		Unchanged: 
 Data sizes:     COMRAM   BANK0   BANK1   BANK2   BANK3   BANK4   BANK5   BANK6   BANK7   BANK8   BANK9  BANK10  BANK11  BANK12  BANK13  BANK14  BANK15
      Params:         2       0       0       0       0       0       0       0       0       0       0       0       0       0       0       0       0
      Locals:         0       0       0       0       0       0       0       0       0       0       0       0       0       0       0       0       0
      Temps:          0       0       0       0       0       0       0       0       0       0       0       0       0       0       0       0       0
      Totals:         2       0       0       0       0       0       0       0       0       0       0       0       0       0       0       0       0
Total ram usage:        2 bytes
 Hardware stack levels used:    1
 Hardware stack levels required when called:    1
 This function calls:
		_LCD_printchar
 This function is called by:
		_interrupcao
 This function uses a non-reentrant model


 *************** function _LCD_printchar *****************
 Defined at:
		line 105 in file "gm_lcd.c"
 Parameters:    Size  Location     Type
  character       1    wreg     unsigned char 
 Auto vars:     Size  Location     Type
  character       1    0[COMRAM] unsigned char 
  i               2    1[COMRAM] unsigned int 
 Return value:  Size  Location     Type
                  1    wreg      void 
 Registers used:
		wreg, status,2, status,0
 Tracked objects:
		On entry : 
		On exit  : 
		Unchanged: 
 Data sizes:     COMRAM   BANK0   BANK1   BANK2   BANK3   BANK4   BANK5   BANK6   BANK7   BANK8   BANK9  BANK10  BANK11  BANK12  BANK13  BANK14  BANK15
      Params:         0       0       0       0       0       0       0       0       0       0       0       0       0       0       0       0       0
      Locals:         3       0       0       0       0       0       0       0       0       0       0       0       0       0       0       0       0
      Temps:          0       0       0       0       0       0       0       0       0       0       0       0       0       0       0       0       0
      Totals:         3       0       0       0       0       0       0       0       0       0       0       0       0       0       0       0       0
Total ram usage:        3 bytes
 Hardware stack levels used:    1
 This function calls:
		Nothing
 This function is called by:
		_interrupcao
		_LCD_printstring
 This function uses a non-reentrant model


 *************** function _LCD_clear *****************
 Defined at:
		line 73 in file "gm_lcd.c"
 Parameters:    Size  Location     Type
		None
 Auto vars:     Size  Location     Type
  i               2    0[COMRAM] unsigned int 
 Return value:  Size  Location     Type
                  1    wreg      void 
 Registers used:
		wreg, status,2, status,0
 Tracked objects:
		On entry : 
		On exit  : 
		Unchanged: 
 Data sizes:     COMRAM   BANK0   BANK1   BANK2   BANK3   BANK4   BANK5   BANK6   BANK7   BANK8   BANK9  BANK10  BANK11  BANK12  BANK13  BANK14  BANK15
      Params:         0       0       0       0       0       0       0       0       0       0       0       0       0       0       0       0       0
      Locals:         2       0       0       0       0       0       0       0       0       0       0       0       0       0       0       0       0
      Temps:          0       0       0       0       0       0       0       0       0       0       0       0       0       0       0       0       0
      Totals:         2       0       0       0       0       0       0       0       0       0       0       0       0       0       0       0       0
Total ram usage:        2 bytes
 Hardware stack levels used:    1
 This function calls:
		Nothing
 This function is called by:
		_interrupcao
 This function uses a non-reentrant model


 *************** function _EUSART1_Write_Text *****************
 Defined at:
		line 90 in file "eusart1.c"
 Parameters:    Size  Location     Type
  s               2    1[COMRAM] PTR const unsigned char 
		 -> STR_9(11), STR_8(21), STR_7(15), STR_6(16), 
		 -> STR_5(5), STR_4(14), STR_2(11), 
 Auto vars:     Size  Location     Type
		None
 Return value:  Size  Location     Type
                  1    wreg      void 
 Registers used:
		wreg, status,2, status,0, tblptrl, tblptrh, tblptru, cstack
 Tracked objects:
		On entry : 
		On exit  : 
		Unchanged: 
 Data sizes:     COMRAM   BANK0   BANK1   BANK2   BANK3   BANK4   BANK5   BANK6   BANK7   BANK8   BANK9  BANK10  BANK11  BANK12  BANK13  BANK14  BANK15
      Params:         2       0       0       0       0       0       0       0       0       0       0       0       0       0       0       0       0
      Locals:         0       0       0       0       0       0       0       0       0       0       0       0       0       0       0       0       0
      Temps:          0       0       0       0       0       0       0       0       0       0       0       0       0       0       0       0       0
      Totals:         2       0       0       0       0       0       0       0       0       0       0       0       0       0       0       0       0
Total ram usage:        2 bytes
 Hardware stack levels used:    1
 Hardware stack levels required when called:    1
 This function calls:
		_EUSART1_Write
 This function is called by:
		_interrupcao
		_HC05_configure
 This function uses a non-reentrant model


 *************** function _EUSART1_Write *****************
 Defined at:
		line 81 in file "eusart1.c"
 Parameters:    Size  Location     Type
  txData          1    wreg     unsigned char 
 Auto vars:     Size  Location     Type
  txData          1    0[COMRAM] unsigned char 
 Return value:  Size  Location     Type
                  1    wreg      void 
 Registers used:
		wreg
 Tracked objects:
		On entry : 
		On exit  : 
		Unchanged: 
 Data sizes:     COMRAM   BANK0   BANK1   BANK2   BANK3   BANK4   BANK5   BANK6   BANK7   BANK8   BANK9  BANK10  BANK11  BANK12  BANK13  BANK14  BANK15
      Params:         0       0       0       0       0       0       0       0       0       0       0       0       0       0       0       0       0
      Locals:         1       0       0       0       0       0       0       0       0       0       0       0       0       0       0       0       0
      Temps:          0       0       0       0       0       0       0       0       0       0       0       0       0       0       0       0       0
      Totals:         1       0       0       0       0       0       0       0       0       0       0       0       0       0       0       0       0
Total ram usage:        1 bytes
 Hardware stack levels used:    1
 This function calls:
		Nothing
 This function is called by:
		_EUSART1_Write_Text
 This function uses a non-reentrant model


 *************** function _EUSART1_Read *****************
 Defined at:
		line 64 in file "eusart1.c"
 Parameters:    Size  Location     Type
		None
 Auto vars:     Size  Location     Type
		None
 Return value:  Size  Location     Type
                  1    wreg      unsigned char 
 Registers used:
		wreg, status,2
 Tracked objects:
		On entry : 
		On exit  : 
		Unchanged: 
 Data sizes:     COMRAM   BANK0   BANK1   BANK2   BANK3   BANK4   BANK5   BANK6   BANK7   BANK8   BANK9  BANK10  BANK11  BANK12  BANK13  BANK14  BANK15
      Params:         0       0       0       0       0       0       0       0       0       0       0       0       0       0       0       0       0
      Locals:         0       0       0       0       0       0       0       0       0       0       0       0       0       0       0       0       0
      Temps:          0       0       0       0       0       0       0       0       0       0       0       0       0       0       0       0       0
      Totals:         0       0       0       0       0       0       0       0       0       0       0       0       0       0       0       0       0
Total ram usage:        0 bytes
 Hardware stack levels used:    1
 This function calls:
		Nothing
 This function is called by:
		_interrupcao
		_HC05_configure
 This function uses a non-reentrant model



MODULE INFORMATION

Module		Function		Class		Link	Load	Size
gm_lcd.c
		_LCD_clear     		CODE           	13CA	0000	80
		_LCD_printchar 		CODE           	1378	0000	82
		_LCD_printstring		CODE           	149E	0000	58
		_LCD_initialize		CODE           	1074	0000	364
		_LCD_pos       		CODE           	11E0	0000	204

gm_lcd.c estimated size: 788

eusart1.c
		_EUSART1_Initialize		CODE           	1460	0000	62
		_EUSART1_SetFramingErrorHandler		CODE           	1572	0000	10
		_EUSART1_Write_Text		CODE           	14D8	0000	58
		_EUSART1_Read  		CODE           	1512	0000	42
		_EUSART1_SetOverrunErrorHandler		CODE           	1568	0000	10
		_EUSART1_SetErrorHandler		CODE           	157C	0000	10
		_EUSART1_Write 		CODE           	1552	0000	22

eusart1.c estimated size: 214

shared
		i2_LCD_pos     		CODE           	12AC	0000	204
		__initialization		CODE           	153C	0000	12

shared estimated size: 216

main.c
		_main          		CODE           	141A	0000	70
		_interrupcao   		CODE           	0008	0000	206

main.c estimated size: 276

